------------------------------------------------------------
Timing Analyzer Summary
------------------------------------------------------------

Type  : Slow 1200mV 85C Model Setup 'ftdi_clk'
Slack : 7.041
TNS   : 0.000

Type  : Slow 1200mV 85C Model Setup 'clk'
Slack : 10.486
TNS   : 0.000

Type  : Slow 1200mV 85C Model Hold 'clk'
Slack : 0.305
TNS   : 0.000

Type  : Slow 1200mV 85C Model Hold 'ftdi_clk'
Slack : 0.394
TNS   : 0.000

Type  : Slow 1200mV 85C Model Recovery 'ftdi_clk'
Slack : 11.621
TNS   : 0.000

Type  : Slow 1200mV 85C Model Recovery 'clk'
Slack : 16.781
TNS   : 0.000

Type  : Slow 1200mV 85C Model Removal 'clk'
Slack : 2.314
TNS   : 0.000

Type  : Slow 1200mV 85C Model Removal 'ftdi_clk'
Slack : 3.110
TNS   : 0.000

Type  : Slow 1200mV 85C Model Minimum Pulse Width 'ftdi_clk'
Slack : 7.955
TNS   : 0.000

Type  : Slow 1200mV 85C Model Minimum Pulse Width 'clk'
Slack : 9.578
TNS   : 0.000

Type  : Slow 1200mV 0C Model Setup 'ftdi_clk'
Slack : 7.558
TNS   : 0.000

Type  : Slow 1200mV 0C Model Setup 'clk'
Slack : 10.915
TNS   : 0.000

Type  : Slow 1200mV 0C Model Hold 'clk'
Slack : 0.278
TNS   : 0.000

Type  : Slow 1200mV 0C Model Hold 'ftdi_clk'
Slack : 0.352
TNS   : 0.000

Type  : Slow 1200mV 0C Model Recovery 'ftdi_clk'
Slack : 11.918
TNS   : 0.000

Type  : Slow 1200mV 0C Model Recovery 'clk'
Slack : 17.048
TNS   : 0.000

Type  : Slow 1200mV 0C Model Removal 'clk'
Slack : 2.102
TNS   : 0.000

Type  : Slow 1200mV 0C Model Removal 'ftdi_clk'
Slack : 2.789
TNS   : 0.000

Type  : Slow 1200mV 0C Model Minimum Pulse Width 'ftdi_clk'
Slack : 7.817
TNS   : 0.000

Type  : Slow 1200mV 0C Model Minimum Pulse Width 'clk'
Slack : 9.602
TNS   : 0.000

Type  : Fast 1200mV 0C Model Setup 'ftdi_clk'
Slack : 12.650
TNS   : 0.000

Type  : Fast 1200mV 0C Model Setup 'clk'
Slack : 16.245
TNS   : 0.000

Type  : Fast 1200mV 0C Model Hold 'clk'
Slack : 0.107
TNS   : 0.000

Type  : Fast 1200mV 0C Model Hold 'ftdi_clk'
Slack : 0.158
TNS   : 0.000

Type  : Fast 1200mV 0C Model Recovery 'ftdi_clk'
Slack : 14.519
TNS   : 0.000

Type  : Fast 1200mV 0C Model Recovery 'clk'
Slack : 18.545
TNS   : 0.000

Type  : Fast 1200mV 0C Model Removal 'clk'
Slack : 1.012
TNS   : 0.000

Type  : Fast 1200mV 0C Model Removal 'ftdi_clk'
Slack : 1.288
TNS   : 0.000

Type  : Fast 1200mV 0C Model Minimum Pulse Width 'ftdi_clk'
Slack : 7.498
TNS   : 0.000

Type  : Fast 1200mV 0C Model Minimum Pulse Width 'clk'
Slack : 9.268
TNS   : 0.000

------------------------------------------------------------
