------------------------------------------------------------
Timing Analyzer Summary
------------------------------------------------------------

Type  : Slow 1200mV 85C Model Setup 'ftdi_clk'
Slack : 7.409
TNS   : 0.000

Type  : Slow 1200mV 85C Model Setup 'clk'
Slack : 8.807
TNS   : 0.000

Type  : Slow 1200mV 85C Model Hold 'clk'
Slack : 0.259
TNS   : 0.000

Type  : Slow 1200mV 85C Model Hold 'ftdi_clk'
Slack : 0.394
TNS   : 0.000

Type  : Slow 1200mV 85C Model Recovery 'ftdi_clk'
Slack : 12.551
TNS   : 0.000

Type  : Slow 1200mV 85C Model Recovery 'clk'
Slack : 16.222
TNS   : 0.000

Type  : Slow 1200mV 85C Model Removal 'ftdi_clk'
Slack : 1.897
TNS   : 0.000

Type  : Slow 1200mV 85C Model Removal 'clk'
Slack : 3.191
TNS   : 0.000

Type  : Slow 1200mV 85C Model Minimum Pulse Width 'ftdi_clk'
Slack : 7.949
TNS   : 0.000

Type  : Slow 1200mV 85C Model Minimum Pulse Width 'clk'
Slack : 9.578
TNS   : 0.000

Type  : Slow 1200mV 0C Model Setup 'ftdi_clk'
Slack : 7.904
TNS   : 0.000

Type  : Slow 1200mV 0C Model Setup 'clk'
Slack : 9.476
TNS   : 0.000

Type  : Slow 1200mV 0C Model Hold 'clk'
Slack : 0.235
TNS   : 0.000

Type  : Slow 1200mV 0C Model Hold 'ftdi_clk'
Slack : 0.352
TNS   : 0.000

Type  : Slow 1200mV 0C Model Recovery 'ftdi_clk'
Slack : 12.808
TNS   : 0.000

Type  : Slow 1200mV 0C Model Recovery 'clk'
Slack : 16.504
TNS   : 0.000

Type  : Slow 1200mV 0C Model Removal 'ftdi_clk'
Slack : 1.628
TNS   : 0.000

Type  : Slow 1200mV 0C Model Removal 'clk'
Slack : 2.873
TNS   : 0.000

Type  : Slow 1200mV 0C Model Minimum Pulse Width 'ftdi_clk'
Slack : 7.820
TNS   : 0.000

Type  : Slow 1200mV 0C Model Minimum Pulse Width 'clk'
Slack : 9.602
TNS   : 0.000

Type  : Fast 1200mV 0C Model Setup 'ftdi_clk'
Slack : 12.903
TNS   : 0.000

Type  : Fast 1200mV 0C Model Setup 'clk'
Slack : 15.343
TNS   : 0.000

Type  : Fast 1200mV 0C Model Hold 'clk'
Slack : 0.095
TNS   : 0.000

Type  : Fast 1200mV 0C Model Hold 'ftdi_clk'
Slack : 0.140
TNS   : 0.000

Type  : Fast 1200mV 0C Model Recovery 'ftdi_clk'
Slack : 14.844
TNS   : 0.000

Type  : Fast 1200mV 0C Model Recovery 'clk'
Slack : 18.303
TNS   : 0.000

Type  : Fast 1200mV 0C Model Removal 'ftdi_clk'
Slack : 0.844
TNS   : 0.000

Type  : Fast 1200mV 0C Model Removal 'clk'
Slack : 1.395
TNS   : 0.000

Type  : Fast 1200mV 0C Model Minimum Pulse Width 'ftdi_clk'
Slack : 7.510
TNS   : 0.000

Type  : Fast 1200mV 0C Model Minimum Pulse Width 'clk'
Slack : 9.268
TNS   : 0.000

------------------------------------------------------------
